// Jest Snapshot v1, https://goo.gl/fbAQLP

exports[`<IntroBlurb /> should match snapshot 1`] = `
preact-render-spy (1 nodes)
-------
<div class="ada-chaperone-intro-blurb ada-chaperone-intro-blurb--show">
  <p
    class="ada-chaperone-intro-blurb__message"
    aria-live="assertive"
    role="alert"
    onClick={[Function bound ]}
    onKeyPress={[Function bound ]}
    tabIndex={0}
  >
  </p>
  <button
    class="ada-chaperone-intro-blurb__dismiss-button"
    title="Dismiss Intro"
    onClick={[Function bound ]}
  >
  </button>
</div>

`;
