// Jest Snapshot v1, https://goo.gl/fbAQLP

exports[`<IntroBlurb /> should match snapshot 1`] = `
preact-render-spy (1 nodes)
-------
<div
  class="ada-embed-intro-blurb ada-embed-intro-blurb--show"
  style="right: 104px;"
>
  <button
    class="ada-embed-intro-blurb__dismiss-button"
    title="Dismiss Intro"
    onClick={[Function bound ]}
  >
  </button>
  <p
    class="ada-embed-intro-blurb__message"
    aria-live="assertive"
    role="alert"
    onClick={[Function bound ]}
    onKeyPress={[Function bound ]}
    tabIndex={0}
  >
  </p>
</div>

`;
