// Jest Snapshot v1, https://goo.gl/fbAQLP

exports[`<App /> should match snapshot 1`] = `
preact-render-spy (1 nodes)
-------
<div
  id="ada-embed"
  class="ada-embed-app"
>
  <div class="ada-embed-drawer ada-embed-drawer--hidden">
    <div
      class="ada-embed-drawer__mask"
      onClick={[Function bound ]}
      role="button"
    >
    </div>
    <div
      class="ada-embed-drawer__iframe-container"
      role="dialog"
      aria-modal={false}
      aria-hidden={true}
    >
    </div>
  </div>
  <div class="ada-embed-button-container">
    <button
      title="Open Support Chat"
      accessKey="1"
      class="ada-embed-button"
      onClick={[Function bound ]}
    >
      <undefined class="ada-embed-button__icon"></undefined>
    </button>
  </div>
</div>

`;
