// Jest Snapshot v1, https://goo.gl/fbAQLP

exports[`<Button /> should match snapshot 1`] = `
preact-render-spy (1 nodes)
-------
<div class="ada-embed-button-container ada-embed-button-container--not-draggable">
  <button
    title="Open Support Chat"
    accessKey="1"
    class="ada-embed-button"
    style="width: 72px; height: 72px; background-color: #3ED1FF;"
  >
    <undefined class="ada-embed-button__icon"></undefined>
  </button>
</div>

`;
